 Sessions 5                         
                                    
▌◑ Fix login redirect               
▌  ⑂ mboss/fix-login-redirect       
                                    
 ● Add unit tests for the par… auto 
   ⑂ mboss/add-unit-tests-…  +10 -1 
                                    
 ○ Docs pass                        
   ⑂ mboss/docs-pass         +20 -2 
                                    
 × Cache layer                      
   ⑂ mboss/cache-layer       +30 -3 
                                    
 ◌ Starting up                      
   ⑂ loading…                +40 -4 
                                    
                                    
                                    
                                    