 Sessions                           
                                    
  No sessions yet.                  
                                    
  n start one                       
                                    
                                    
                                    
                                    
                                    