 Sessions 5           
                      
▌◑ Fix login redirect 
▌  ⑂ mboss/fix-log…   
                      
 ● Add unit tes… auto 
   ⑂ mboss/a…  +10 -1 
                      
 ○ Docs pass          
   ⑂ mboss/d…  +20 -2 
                      
 × Cache layer        
   ⑂ mboss/c…  +30 -3 
                      
 ◌ Starting up        
   ⑂ loading…  +40 -4 
                      
                      
                      
                      