  Config  ~/.vineyard/config.toml                                               
                                                                                
  General       │  claude         claude                                        
  Profiles      │  codex          codex --full-auto                             
                │  + Add profile                                                
                                                                                
                                                                                
                                                                                
                                                                                
                                                                                
                                                                                
                                                                                
                                                                                
                                                                                