  Config  ~/src/shop/.vineyard/config.toml                                      
                                                                                
  General       │  claude         claude                                        
  Profiles      │  codex          codex --full-auto                             
                │  + Add profile                                                
                                                                                
                                                                                
                                                                                
                                                                                
                                                                                
                                                                                
                                                                                
                                                                                
                                                                                