  vineyard 0.1.0  shop                                                                                        
━━━━━━━━━━━━━━━━━━━━━━━━━━━━━━━━━━━━━━━━━━━━━━━━━━━━━━━━━━━━━━━━━━━━━━━━━━━━━━━━━━━━━━━━━━━━━━━━━━━━━━━━━━━━━━
 Sessions                        ╭───────────────────────────────────────────────────────────────────────────╮
                                 │ Preview   Diff                                                            │
  No sessions yet.               │                                                                           │
                                 │                                                                           │
  n start one                    │                                                                           │
                                 │                                                                           │
                                 │                                                                           │
                                 │                                                                           │
                                 │                                                                           │
                                 │                                                                           │
                                 │                                                                           │
                                 │                        Press n to start a session.                        │
                                 │                                                                           │
                                 │                                                                           │
                                 │                                                                           │
                                 │                                                                           │
                                 │                                                                           │
                                 │                                                                           │
                                 │                                                                           │
                                 │                                                                           │
                                 │                                                                           │
                                 │                                                                           │
                                 ╰───────────────────────────────────────────────────────────────────────────╯
 n new · N new+prompt · enter attach · t shell · s push · c checkout · r resume · D kill · a auto-yes         