╭──────────────────────────────────────────────────────────╮
│                                                          │
│  New session                                             │
│                                                          │
│  Title                                                   │
│  What should the agent work on?                          │
│                                                          │
│  Agent                                                   │
│  ‹ claude ›                                              │
│                                                          │
│  A title is required.                                    │
│                                                          │
╰──────────────────────────────────────────────────────────╯