╭──────────────────────────────────────────────────────────╮
│                                                          │
│  New session with prompt                                 │
│                                                          │
│  Title                                                   │
│  What should the agent work on?                          │
│                                                          │
│  Prompt                                                  │
│  Instructions typed into the agent once it is ready      │
│                                                          │
│                                                          │
│                                                          │
│                                                          │
│                                                          │
│  Agent                                                   │
│  ‹ claude ›                                              │
│                                                          │
╰──────────────────────────────────────────────────────────╯