╭──────────────────────────────────────────────────────────╮
│                                                          │
│  New session for #7                                      │
│                                                          │
│  Title                                                   │
│  Embed grapes                                            │
│                                                          │
│  Template                                                │
│  ‹ default ›                                             │
│                                                          │
│  [x] Build sub-issues                                    │
│                                                          │
│  Prompt                                                  │
│  Build them.                                             │
│                                                          │
│                                                          │
│                                                          │
│                                                          │
│                                                          │
│                                                          │
│                                                          │
│                                                          │
│                                                          │
│                                                          │
│                                                          │
│                                                          │
│                                                          │
│                                                          │
│                                                          │
│                                                          │
│                                                          │
│                                                          │
│                                                          │
│                                                          │
│  Agent: claude                                           │
│                                                          │
╰──────────────────────────────────────────────────────────╯